// Jest Snapshot v1, https://jestjs.io/docs/snapshot-testing

exports[`HelmetMetaTags renders correctly with props 1`] = `
<div>
  <div
    class="mock-helmet"
  >
    <div
      data-helmet-tag="title"
    >
      Libeskind | EYESBOUND
    </div>
    <div
      data-content="Libeskind | EYESBOUND"
      data-helmet-tag="meta"
      data-name="title"
    />
    <div
      data-content="Libeskind | EYESBOUND"
      data-helmet-tag="meta"
      data-property="og:title"
    />
    <div
      data-content="Libeskind | EYESBOUND"
      data-helmet-tag="meta"
      data-name="twitter:title"
    />
    <div
      data-content="Anyone can hold the helm when the sea is calm"
      data-helmet-tag="meta"
      data-property="og:description"
    />
    <div
      data-content="Anyone can hold the helm when the sea is calm"
      data-helmet-tag="meta"
      data-name="twitter:description"
    />
    <div
      data-content="https://images.prismic.io/eyesbound/d4b035f1-21c8-476a-bd8f-6335f44ced7d__DSC2116.jpg"
      data-helmet-tag="meta"
      data-property="og:image"
    />
    <div
      data-content="https://images.prismic.io/eyesbound/d4b035f1-21c8-476a-bd8f-6335f44ced7d__DSC2116.jpg"
      data-helmet-tag="meta"
      data-name="twitter:image"
    />
    <div
      data-helmet-tag="link"
      data-href="https://eyesbound.com/picture/libeskind"
      data-rel="canonical"
    />
    <div
      data-content="https://eyesbound.com/picture/libeskind"
      data-helmet-tag="meta"
      data-property="og:url"
    />
    <div
      data-content="52.473092;13.327628"
      data-helmet-tag="meta"
      data-name="geo.position"
    />
    <div
      data-content="52.473092, 13.327628"
      data-helmet-tag="meta"
      data-name="ICBM"
    />
    <div
      data-content="1986-03-14T11:25:00+0000"
      data-helmet-tag="meta"
      data-name="date"
    />
  </div>
</div>
`;

exports[`HelmetMetaTags renders correctly without props 1`] = `
<div>
  <div
    class="mock-helmet"
  />
</div>
`;
